main.c:91:5:main	24	static
main.c:163:6:SystemClock_Config	88	static
main.c:208:13:MX_ADC1_Init	24	static
main.c:258:13:MX_SPI3_Init	8	static
main.c:296:13:MX_TIM3_Init	32	static
main.c:341:13:MX_TIM11_Init	8	static
main.c:372:13:MX_USART2_UART_Init	8	static
main.c:403:13:MX_DMA_Init	16	static
main.c:421:13:MX_GPIO_Init	48	static
main.c:473:6:MCP4922SetOutput	24	static
main.c:480:6:HAL_SPI_TxCpltCallback	16	static
main.c:488:6:HAL_TIM_PeriodElapsedCallback	24	static
main.c:496:10:clamp_output	40	static
main.c:502:17:micros	12	static
main.c:512:6:Error_Handler	4	static,ignoring_inline_asm
