main.c:111:5:main	32	static
main.c:244:6:SystemClock_Config	88	static
main.c:289:13:MX_ADC1_Init	24	static
main.c:339:13:MX_SPI3_Init	8	static
main.c:377:13:MX_TIM3_Init	32	static
main.c:422:13:MX_TIM11_Init	8	static
main.c:453:13:MX_USART2_UART_Init	8	static
main.c:484:13:MX_DMA_Init	16	static
main.c:502:13:MX_GPIO_Init	48	static
main.c:554:6:MCP4922SetOutput	24	static
main.c:561:6:HAL_SPI_TxCpltCallback	16	static
main.c:569:6:HAL_TIM_PeriodElapsedCallback	24	static
main.c:577:10:clamp_output	40	static
main.c:583:9:UARTRecieveIT	16	static
main.c:600:6:print	376	static
main.c:623:17:micros	12	static
main.c:633:6:Error_Handler	4	static,ignoring_inline_asm
